state.c:41:6:STTStateInit	4	static
state.c:46:6:STTEventChecker	8	static
state.c:95:6:STTStop	8	static
state.c:112:6:STTPendingStateVelocity	8	static
state.c:135:6:STTPendingStateLineFollow	8	static
state.c:160:6:STTPendingStatePathPlan	8	static
state.c:184:6:STTPendingStateUser	8	static
state.c:209:6:STTPendingStateParam	8	static
state.c:245:6:STTPendingStateEnq	8	static
state.c:269:6:STTVelocityStateVelocity	8	static
state.c:291:6:STTVelocityStateLineFollow	8	static
state.c:315:6:STTVelocityStatePathPlan	8	static
state.c:338:6:STTVelocityStateUser	8	static
state.c:361:6:STTVelocityStateParam	8	static
state.c:384:6:STTVelocityStateEnq	8	static
state.c:408:6:STTLineFollowStateParam	8	static
state.c:431:6:STTLineFollowStateEnq	8	static
state.c:455:6:STTPathPlanStateStop	8	static
state.c:474:6:STTPathPlanStateParam	8	static
state.c:498:6:STTPathPlanStateEnq	8	static
state.c:523:6:STTUserStateStop	8	static
state.c:542:6:STTUserStateParam	8	static
state.c:565:6:STTUserStateEnq	8	static
state.c:590:6:STTUserStateFinish	8	static
